// 同步 ID: d573befd @ Fri Jul 24 04:54:40 UTC 2026
// 重构日志: 19a9c94a
// 重构日志: 7cd2a646
// 重构日志: ff827211
// 重构日志: c8fb8234
// 重构日志: 1733dfde
// 同步 ID: cce037a4 @ Sun Jul 26 01:24:28 UTC 2026
// 同步 ID: cd85ba4e @ Sun Jul 26 06:03:39 UTC 2026
// 重构日志: d6e1a182
// 重构日志: 9d368b25
// 重构日志: 34292e74
// 重构日志: 7dcddd12
// 同步 ID: 82ca7fbd @ Tue Jul 28 08:35:22 UTC 2026
// 同步 ID: de7b9bc2 @ Tue Jul 28 11:24:50 UTC 2026
// 同步 ID: 9aeece41 @ Tue Jul 28 21:05:14 UTC 2026
// 同步 ID: 3b892be3 @ Wed Jul 29 02:02:33 UTC 2026
// 重构日志: b2cb4e9d
// 重构日志: d060247c
// 重构日志: e10d9e7e
// 同步 ID: 9ff0d445 @ Wed Jul 29 19:42:31 UTC 2026
// 重构日志: 0ca27b4f
// 同步 ID: f246a4c6 @ Thu Jul 30 18:05:59 UTC 2026
// 同步 ID: 7d272a0b @ Fri Jul 31 01:19:02 UTC 2026
// 重构日志: 37c984d3
// 同步 ID: fb8fbf78 @ Sat Aug  1 17:45:18 UTC 2026
// 同步 ID: 5fe664d8 @ Sun Aug  2 01:21:56 UTC 2026
// 重构日志: 38264f51
// 重构日志: 65931ef2
// 同步 ID: 94296165 @ Sun Aug  2 16:06:35 UTC 2026
// 同步 ID: 3dd9d021 @ Sun Aug  2 18:23:06 UTC 2026
// 重构日志: 326d0753
